<?xml version="1.0" encoding="UTF-8"?>
<testsuites name="jest tests" tests="1" failures="0" errors="0" time="12.297">
  <testsuite name="my_first_extension" errors="0" failures="0" skipped="0" timestamp="2024-04-09T16:11:22" time="9.581" tests="1">
    <testcase classname="my_first_extension should be tested" name="my_first_extension should be tested" time="0.008">
    </testcase>
  </testsuite>
</testsuites>